apiVersion: config.kubernetes.io/v1
kind: ResourceList
items:
- apiVersion: v1
  kind: HelmValues
  metadata:
    name: my-meta-only-map
    namespace: yo
    labels:
      foo: bar
    annotations:
      internal.config.kubernetes.io/path: _helm_values_my-meta-only-map.yaml
functionConfig:
  apiVersion: fn.kpt.dev/v1alpha1
  kind: SetHelmValues
  metadata:
    name: meta-only-test
  helmValuesMetadata:
    name: my-meta-only-map
    labels:
      foo: bar
    namespace: yo
