apiVersion: config.kubernetes.io/v1
kind: ResourceList
items:
- apiVersion: v1
  kind: HelmValues
  metadata:
    name: empty-test
    annotations:
      internal.config.kubernetes.io/path: _helm_values_empty-test.yaml
functionConfig:
  apiVersion: fn.kpt.dev/v1alpha1
  kind: SetHelmValues
  metadata:
    name: empty-test
